// Jest Snapshot v1, https://goo.gl/fbAQLP

exports[`Matches snapshot 1`] = `
<header
  className="landing"
>
  <div
    className="dark"
  >
    <h1>
      Mather's Ice Cream
    </h1>
    <h2>
      Homemade ice cream.... currently home delivery only. Free home delivery in the Forres area every Friday.
    </h2>
    <a
      href="/shop"
      onClick={[Function]}
      style={
        Object {
          "textDecoration": "none",
        }
      }
    >
      <p
        className="button"
        href=""
      >
        Enter Shop
      </p>
    </a>
  </div>
</header>
`;
